{
  "WatchExpressionFilePath": "src/index.ts",
  "LineRange": {
    "Start": 7,
    "End": 10
  },
  "Lines": [
    "function isPrime(num: number): boolean {",
    "    for (let i = 2, s = Math.sqrt(num); i <= s; i++)",
    "        if (num % i === 0) return false;",
    "    return num !== 1;"
  ]
}