[
  {
    "WatchExpressionFilePath": "src/index.ts",
    "LineRange": {
      "Start": 1,
      "End": 1
    },
    "ReversedLineRange": {
      "Start": 11,
      "End": 11
    },
    "Lines": [
      "/**"
    ],
    "TotalLines": 12
  },
  {
    "WatchExpressionFilePath": "src/index.ts",
    "LineRange": null,
    "ReversedLineRange": null,
    "Lines": [
      "/**",
      " * Created by janis d√§hne.",
      " */",
      "",
      "",
      "//from https://stackoverflow.com/questions/40200089/is-a-number-prime",
      "function isPrime(num: number): boolean {",
      "    for (let i = 2, s = Math.sqrt(num); i <= s; i++)",
      "        if (num % i === 0) return false;",
      "    return num !== 1;",
      "}"
    ],
    "TotalLines": -1
  }
]